 -104.688105952155
 -104.689452401698
 -104.690549068894
 -104.690744419102
 -104.689881624537
 -104.688342237286
 -104.686893274433
 -104.686275368576
 -104.686835993981
 -104.68835191443
 -104.690142094184
 -104.691419164562
 -104.691700034094
 -104.691062738167
 -104.690111606813
 -104.689647980868
 -104.690199039075
 -104.691669389524
 -104.693347092115
 -104.694302456969
