 -104.687721062551
 -104.687852459492
 -104.688218288379
 -104.688715579999
 -104.689296385912
 -104.689862575425
 -104.689963269075
 -104.69065518551
 -104.691264254612
 -104.691436948995
 -104.688108387555
 -104.689454851636
